// Jest Snapshot v1, https://goo.gl/fbAQLP

exports[`Check-box snapshot 1`] = `
<DocumentFragment>
  <div
    class="checkbox"
  >
    <label
      for="체크박스"
    >
      <input
        id="checkbox_1"
        name="체크박스"
        type="checkbox"
      />
      체크박스
    </label>
  </div>
</DocumentFragment>
`;
