// Jest Snapshot v1, https://goo.gl/fbAQLP

exports[`Tab snapshot 1`] = `
<DocumentFragment>
  <div
    class="tab-container"
    data-testid="tab"
  >
    <div
      class="tab-menu"
      role="tabMenu"
    >
      <button
        class="tab-item active"
        role="tabItem-1"
      >
        tab1
      </button>
      <button
        class="tab-item "
        role="tabItem-2"
      >
        tab2
      </button>
      <button
        class="tab-item "
        role="tabItem-3"
      >
        tab3
      </button>
    </div>
    <div
      class="tab-content"
      role="tabContent"
    >
      <div
        class="tab-panel"
      >
        Tab 1 content
      </div>
    </div>
  </div>
</DocumentFragment>
`;
